=== START 2026-10-07T11:43:35 session=1 user=hpbeats\hjotha ===
11:43:35 mode=iteration
11:43:35 1/4 apply-uwp-patches.sh
11:43:36 patches exit=0
11:43:38 VS dev env: cl.exe na PATH = True
11:43:38 dirs de saida garantidos
11:43:38 2/4 build-uwp.ps1 -Backend unified -BuildRevision 117
11:43:38 build flags=-Iteration -WindowsSdkVersion 10.0.26100.0
11:45:05 build exit=0
11:45:05 msix=C:\Users\hjotha\worktrees\xllama-mtp-fast\uwp\AppPackages\xllama\xllama_1.6.0.117_x64_Test\xllama_1.6.0.117_x64.msix size=21684205
11:45:06 sha256=BFD5A344C2D151A22AE224167CCA80A611B05745CC96D473ED73A22DEE126CB7
11:45:06 3/4 makeappx unpack
11:45:08 Package extraction succeeded.
11:45:08 
11:45:08 VCLibs MinVersion: 14.0.33519.0 -> 14.0.0.0
11:45:08 4/4 makeappx pack + signtool sign
11:45:16 
11:45:16 Package creation succeeded.
11:45:16 
11:45:18 Done Adding Additional Store
11:45:18 Successfully signed: C:\Users\hjotha\build\xllama-q5k\xllama-q5k-fixed.msix
11:45:18 
11:45:19 File: C:\Users\hjotha\build\xllama-q5k\xllama-q5k-fixed.msix
11:45:19 Index  Algorithm  Timestamp    
11:45:19 ========================================
11:45:19 SignTool Error: A certificate chain processed, but terminated in a root
11:45:19 	certificate which is not trusted by the trust provider.
11:45:19 
11:45:19 Number of errors: 1
11:45:19 
11:45:21 verify warning: untrusted self-signed root on build host; signer matches expected certificate (status=UnknownError)
11:45:21 sha256-fixed=7F13B4CFB72ADA2D9AB69620FBE73083C7B9BE288A66933C1E0FFC2EA333B92B
11:45:21 elapsed_seconds=106.49
11:45:21 === DONE ===
