RUN r121-matrix-spec-chat-open-64-seq
{"cell": "r121-matrix-spec-chat-open-64-seq", "n": 2, "decode_tok_s": 23.965, "ttft_ms": 1275.1, "peak_ws_mb": 3461.5, "stats": [{"run": 1, "drafted": 0, "accepted": 0}, {"run": 2, "drafted": 0, "accepted": 0}, {"run": 3, "drafted": 0, "accepted": 0}]}
RUN r121-matrix-spec-chat-open-64-mtp
{"cell": "r121-matrix-spec-chat-open-64-mtp", "n": 2, "decode_tok_s": 27.98, "ttft_ms": 1428.4, "peak_ws_mb": 3666.0, "stats": [{"run": 1, "drafted": 35, "accepted": 30}, {"run": 2, "drafted": 35, "accepted": 30}, {"run": 3, "drafted": 35, "accepted": 30}]}
RUN r121-matrix-spec-chat-open-256-seq
{"cell": "r121-matrix-spec-chat-open-256-seq", "n": 2, "decode_tok_s": 23.619999999999997, "ttft_ms": 1257.55, "peak_ws_mb": 3459.5, "stats": [{"run": 1, "drafted": 0, "accepted": 0}, {"run": 2, "drafted": 0, "accepted": 0}, {"run": 3, "drafted": 0, "accepted": 0}]}
RUN r121-matrix-spec-chat-open-256-mtp
{"cell": "r121-matrix-spec-chat-open-256-mtp", "n": 2, "decode_tok_s": 27.655, "ttft_ms": 1430.95, "peak_ws_mb": 3666.0, "stats": [{"run": 1, "drafted": 151, "accepted": 121}, {"run": 2, "drafted": 151, "accepted": 121}, {"run": 3, "drafted": 151, "accepted": 121}]}
RUN r121-matrix-spec-code-edit-64-seq
{"cell": "r121-matrix-spec-code-edit-64-seq", "n": 2, "decode_tok_s": 23.08, "ttft_ms": 3376.25, "peak_ws_mb": 3455.0, "stats": [{"run": 1, "drafted": 0, "accepted": 0}, {"run": 2, "drafted": 0, "accepted": 0}, {"run": 3, "drafted": 0, "accepted": 0}]}
RUN r121-matrix-spec-code-edit-64-mtp
{"cell": "r121-matrix-spec-code-edit-64-mtp", "n": 2, "decode_tok_s": 34.195, "ttft_ms": 3759.2, "peak_ws_mb": 3666.0, "stats": [{"run": 1, "drafted": 42, "accepted": 42}, {"run": 2, "drafted": 42, "accepted": 42}, {"run": 3, "drafted": 42, "accepted": 42}]}
RUN r121-matrix-spec-code-edit-256-seq
{"cell": "r121-matrix-spec-code-edit-256-seq", "n": 2, "decode_tok_s": 22.72, "ttft_ms": 3422.95, "peak_ws_mb": 3459.5, "stats": [{"run": 1, "drafted": 0, "accepted": 0}, {"run": 2, "drafted": 0, "accepted": 0}, {"run": 3, "drafted": 0, "accepted": 0}]}
RUN r121-matrix-spec-code-edit-256-mtp
{"cell": "r121-matrix-spec-code-edit-256-mtp", "n": 2, "decode_tok_s": 32.769999999999996, "ttft_ms": 3739.7, "peak_ws_mb": 3666.0, "stats": [{"run": 1, "drafted": 171, "accepted": 167}, {"run": 2, "drafted": 171, "accepted": 167}, {"run": 3, "drafted": 171, "accepted": 167}]}
RUN r121-matrix-standard-512-64-seq
{"cell": "r121-matrix-standard-512-64-seq", "n": 2, "decode_tok_s": 22.965, "ttft_ms": 3146.3, "peak_ws_mb": 3460.5, "stats": [{"run": 1, "drafted": 0, "accepted": 0}, {"run": 2, "drafted": 0, "accepted": 0}, {"run": 3, "drafted": 0, "accepted": 0}]}
RUN r121-matrix-standard-512-64-mtp
{"cell": "r121-matrix-standard-512-64-mtp", "n": 2, "decode_tok_s": 27.615000000000002, "ttft_ms": 3455.95, "peak_ws_mb": 3666.5, "stats": [{"run": 1, "drafted": 44, "accepted": 34}, {"run": 2, "drafted": 44, "accepted": 34}, {"run": 3, "drafted": 44, "accepted": 34}]}
RUN r121-matrix-standard-512-256-seq
{"cell": "r121-matrix-standard-512-256-seq", "n": 2, "decode_tok_s": 23.055, "ttft_ms": 3139.5, "peak_ws_mb": 3462.0, "stats": [{"run": 1, "drafted": 0, "accepted": 0}, {"run": 2, "drafted": 0, "accepted": 0}, {"run": 3, "drafted": 0, "accepted": 0}]}
RUN r121-matrix-standard-512-256-mtp
Traceback (most recent call last):
  File "/home/hjotha/worktrees/xllama-mtp/bench/results/fast-mtp-20261007/cell.py", line 106, in <module>
    raise RuntimeError(f"full-token mismatch vs {ref.name}, run {run}")
RuntimeError: full-token mismatch vs r121-matrix-standard-512-256-seq.run1.tokens, run 1
Traceback (most recent call last):
  File "<stdin>", line 16, in <module>
  File "/usr/lib/python3.12/subprocess.py", line 571, in run
    raise CalledProcessError(retcode, process.args,
subprocess.CalledProcessError: Command '['python3', 'bench/results/fast-mtp-20261007/cell.py', 'r121-matrix-standard-512-256-mtp', '--threads', '2', '--draft', '1', '--depth', '2', '--pmin', '50', '--q6', '0', '--gdn', '1', '--fa', '1', '--runs', '3', '--predict', '256', '--prompt', 'bench/prompts/standard-512.txt', '--ignore-eog', '--reference', 'r121-matrix-standard-512-256-seq']' returned non-zero exit status 1.
