=== START 2026-10-07T14:35:49 session=1 user=hpbeats\hjotha ===
14:35:49 mode=final
14:35:49 1/4 apply-uwp-patches.sh
14:35:51 patches exit=0
14:35:55 VS dev env: cl.exe na PATH = True
14:35:55 dirs de saida garantidos
14:35:55 2/4 build-uwp.ps1 -Backend unified -BuildRevision 122
14:35:55 build flags=-WindowsSdkVersion 10.0.26100.0
14:52:05 build exit=0
14:52:05 msix=C:\Users\hjotha\worktrees\xllama-mtp-fast\uwp\AppPackages\xllama\xllama_1.6.0.122_x64_Test\xllama_1.6.0.122_x64.msix size=21797567
14:52:05 sha256=A3BF320E744F42A7587A99F1122D9A4D9FC4677A9E904601DFE6E8FBCAD06E9B
14:52:05 3/4 makeappx unpack
14:52:07 Package extraction succeeded.
14:52:07 
14:52:07 VCLibs MinVersion: 14.0.33519.0 -> 14.0.0.0
14:52:07 4/4 makeappx pack + signtool sign
14:52:12 
14:52:12 Package creation succeeded.
14:52:12 
14:52:13 Done Adding Additional Store
14:52:13 Successfully signed: C:\Users\hjotha\build\xllama-q5k\xllama-q5k-fixed.msix
14:52:13 
14:52:14 File: C:\Users\hjotha\build\xllama-q5k\xllama-q5k-fixed.msix
14:52:14 Index  Algorithm  Timestamp    
14:52:14 ========================================
14:52:14 
14:52:14 Number of errors: 1
14:52:14 
14:52:14 SignTool Error: A certificate chain processed, but terminated in a root
14:52:14 	certificate which is not trusted by the trust provider.
14:52:15 verify warning: untrusted self-signed root on build host; signer matches expected certificate (status=UnknownError)
14:52:15 sha256-fixed=A9D4BF5C31AE9C4FA69C3DA35C048936589E9FF1BAF746E08D6D034A19850D3F
14:52:15 elapsed_seconds=986.54
14:52:15 === DONE ===
