Started revision 125, instance={614FCA8B-7F7C-43DC-ABE3-D69FA8A22828}
15:28:50 sha256=8F22AC343094B7A3C8C8BDABE080F092DBC40FDA643BEFFA31283E0A6336DBA9
15:28:50 3/4 makeappx unpack
15:28:52 Package extraction succeeded.
15:28:52 
15:28:52 VCLibs MinVersion: 14.0.33519.0 -> 14.0.0.0
15:28:52 4/4 makeappx pack + signtool sign
15:28:57 
15:28:57 Package creation succeeded.
15:28:57 
15:28:58 Done Adding Additional Store
15:28:58 Successfully signed: C:\Users\hjotha\build\xllama-q5k\xllama-q5k-fixed.msix
15:28:58 
15:28:59 File: C:\Users\hjotha\build\xllama-q5k\xllama-q5k-fixed.msix
15:28:59 Index  Algorithm  Timestamp    
15:28:59 ========================================
15:28:59 
15:28:59 Number of errors: 1
15:28:59 
15:28:59 SignTool Error: A certificate chain processed, but terminated in a root
15:28:59 	certificate which is not trusted by the trust provider.
15:29:00 verify warning: untrusted self-signed root on build host; signer matches expected certificate (status=UnknownError)
15:29:00 sha256-fixed=261DCC8F57FB4155A8B1458F237D04A8E8697F8D78A042029DA0FBC2B6A4FB40
15:29:00 elapsed_seconds=41.12
15:29:00 === DONE ===
Total seconds: 42.11
